Calculating task graph as no cached configuration is available for tasks: assembleDebug
> Task :app:preBuild UP-TO-DATE
> Task :app:preDebugBuild UP-TO-DATE
> Task :app:checkKotlinGradlePluginConfigurationErrors
> Task :app:mergeDebugNativeDebugMetadata NO-SOURCE
> Task :app:generateDebugResValues UP-TO-DATE
> Task :app:processDebugGoogleServices UP-TO-DATE
> Task :app:mapDebugSourceSetPaths UP-TO-DATE
> Task :app:checkDebugAarMetadata UP-TO-DATE
> Task :app:generateDebugResources UP-TO-DATE
> Task :app:createDebugCompatibleScreenManifests UP-TO-DATE
> Task :app:packageDebugResources UP-TO-DATE
> Task :app:mergeDebugResources UP-TO-DATE
> Task :app:extractDeepLinksDebug UP-TO-DATE
> Task :app:parseDebugLocalResources UP-TO-DATE
> Task :app:javaPreCompileDebug UP-TO-DATE
> Task :app:mergeDebugShaders UP-TO-DATE
> Task :app:compileDebugShaders NO-SOURCE
> Task :app:generateDebugAssets UP-TO-DATE
> Task :app:mergeDebugAssets UP-TO-DATE
> Task :app:compressDebugAssets UP-TO-DATE
> Task :app:desugarDebugFileDependencies UP-TO-DATE
> Task :app:processDebugMainManifest UP-TO-DATE
> Task :app:processDebugManifest UP-TO-DATE
> Task :app:checkDebugDuplicateClasses UP-TO-DATE
> Task :app:processDebugManifestForPackage UP-TO-DATE
> Task :app:mergeExtDexDebug UP-TO-DATE
> Task :app:mergeLibDexDebug UP-TO-DATE
> Task :app:mergeDebugJniLibFolders UP-TO-DATE
> Task :app:mergeDebugNativeLibs NO-SOURCE
> Task :app:stripDebugDebugSymbols NO-SOURCE
> Task :app:processDebugResources UP-TO-DATE
> Task :app:validateSigningDebug UP-TO-DATE
> Task :app:writeDebugAppMetadata UP-TO-DATE
> Task :app:writeDebugSigningConfigVersions UP-TO-DATE
> Task :app:kaptGenerateStubsDebugKotlin
> Task :app:kaptDebugKotlin UP-TO-DATE
> Task :app:compileDebugKotlin
w: file:///C:/Users/dell/Documents/SIS_Control_Proyecto_v3/SIS-Control/app/src/main/java/com/siscontrol/mobile/core/CameraUtils.kt:17:27 Unnecessary safe call on a non-null receiver of type File?
w: file:///C:/Users/dell/Documents/SIS_Control_Proyecto_v3/SIS-Control/app/src/main/java/com/siscontrol/mobile/presentation/AppNavigation.kt:476:17 Variable 'token' is never used
w: file:///C:/Users/dell/Documents/SIS_Control_Proyecto_v3/SIS-Control/app/src/main/java/com/siscontrol/mobile/presentation/AppNavigation.kt:477:17 Variable 'role' is never used
w: file:///C:/Users/dell/Documents/SIS_Control_Proyecto_v3/SIS-Control/app/src/main/java/com/siscontrol/mobile/presentation/AppNavigation.kt:794:39 Parameter 'tagId' is never used, could be renamed to _
w: file:///C:/Users/dell/Documents/SIS_Control_Proyecto_v3/SIS-Control/app/src/main/java/com/siscontrol/mobile/presentation/admin/AdminCheckpointsScreen.kt:153:48 Elvis operator (?:) always returns the left operand of non-nullable type String
w: file:///C:/Users/dell/Documents/SIS_Control_Proyecto_v3/SIS-Control/app/src/main/java/com/siscontrol/mobile/presentation/admin/AdminCheckpointsScreen.kt:155:57 Elvis operator (?:) always returns the left operand of non-nullable type String
w: file:///C:/Users/dell/Documents/SIS_Control_Proyecto_v3/SIS-Control/app/src/main/java/com/siscontrol/mobile/presentation/admin/AdminCheckpointsViewModel.kt:61:24 Unnecessary safe call on a non-null receiver of type Long
w: file:///C:/Users/dell/Documents/SIS_Control_Proyecto_v3/SIS-Control/app/src/main/java/com/siscontrol/mobile/presentation/admin/AdminCheckpointsViewModel.kt:83:26 Elvis operator (?:) always returns the left operand of non-nullable type String
w: file:///C:/Users/dell/Documents/SIS_Control_Proyecto_v3/SIS-Control/app/src/main/java/com/siscontrol/mobile/presentation/admin/AdminCheckpointsViewModel.kt:84:40 Elvis operator (?:) always returns the left operand of non-nullable type String
w: file:///C:/Users/dell/Documents/SIS_Control_Proyecto_v3/SIS-Control/app/src/main/java/com/siscontrol/mobile/presentation/admin/AdminHomeScreen.kt:371:5 Parameter 'iconBg' is never used
w: file:///C:/Users/dell/Documents/SIS_Control_Proyecto_v3/SIS-Control/app/src/main/java/com/siscontrol/mobile/presentation/admin/AdminHomeScreen.kt:469:44 'ExitToApp: ImageVector' is deprecated. Use the AutoMirrored version at Icons.AutoMirrored.Filled.ExitToApp
w: file:///C:/Users/dell/Documents/SIS_Control_Proyecto_v3/SIS-Control/app/src/main/java/com/siscontrol/mobile/presentation/admin/AdminInstallationsViewModel.kt:42:32 Unnecessary safe call on a non-null receiver of type Long
w: file:///C:/Users/dell/Documents/SIS_Control_Proyecto_v3/SIS-Control/app/src/main/java/com/siscontrol/mobile/presentation/admin/AdminInstallationsViewModel.kt:123:38 Elvis operator (?:) always returns the left operand of non-nullable type Long
w: file:///C:/Users/dell/Documents/SIS_Control_Proyecto_v3/SIS-Control/app/src/main/java/com/siscontrol/mobile/presentation/admin/AdminInstallationsViewModel.kt:186:51 Elvis operator (?:) always returns the left operand of non-nullable type Long
w: file:///C:/Users/dell/Documents/SIS_Control_Proyecto_v3/SIS-Control/app/src/main/java/com/siscontrol/mobile/presentation/admin/AdminManagementScreen.kt:194:26 Elvis operator (?:) always returns the left operand of non-nullable type String
w: file:///C:/Users/dell/Documents/SIS_Control_Proyecto_v3/SIS-Control/app/src/main/java/com/siscontrol/mobile/presentation/admin/AdminManagementScreen.kt:194:90 Elvis operator (?:) always returns the left operand of non-nullable type String
w: file:///C:/Users/dell/Documents/SIS_Control_Proyecto_v3/SIS-Control/app/src/main/java/com/siscontrol/mobile/presentation/admin/AdminManagementScreen.kt:232:46 Elvis operator (?:) always returns the left operand of non-nullable type Long
w: file:///C:/Users/dell/Documents/SIS_Control_Proyecto_v3/SIS-Control/app/src/main/java/com/siscontrol/mobile/presentation/admin/AdminManagementScreen.kt:255:46 Elvis operator (?:) always returns the left operand of non-nullable type Long
w: file:///C:/Users/dell/Documents/SIS_Control_Proyecto_v3/SIS-Control/app/src/main/java/com/siscontrol/mobile/presentation/admin/AdminManagementScreen.kt:278:46 Elvis operator (?:) always returns the left operand of non-nullable type Long
w: file:///C:/Users/dell/Documents/SIS_Control_Proyecto_v3/SIS-Control/app/src/main/java/com/siscontrol/mobile/presentation/admin/AdminManagementScreen.kt:292:42 Elvis operator (?:) always returns the left operand of non-nullable type Long
w: file:///C:/Users/dell/Documents/SIS_Control_Proyecto_v3/SIS-Control/app/src/main/java/com/siscontrol/mobile/presentation/admin/AdminManagementScreen.kt:320:22 Elvis operator (?:) always returns the left operand of non-nullable type String
w: file:///C:/Users/dell/Documents/SIS_Control_Proyecto_v3/SIS-Control/app/src/main/java/com/siscontrol/mobile/presentation/admin/AdminManagementScreen.kt:338:70 Elvis operator (?:) always returns the left operand of non-nullable type Long
w: file:///C:/Users/dell/Documents/SIS_Control_Proyecto_v3/SIS-Control/app/src/main/java/com/siscontrol/mobile/presentation/admin/AdminManagementScreen.kt:340:57 Elvis operator (?:) always returns the left operand of non-nullable type String
w: file:///C:/Users/dell/Documents/SIS_Control_Proyecto_v3/SIS-Control/app/src/main/java/com/siscontrol/mobile/presentation/admin/AdminManagementScreen.kt:342:42 Elvis operator (?:) always returns the left operand of non-nullable type Int
w: file:///C:/Users/dell/Documents/SIS_Control_Proyecto_v3/SIS-Control/app/src/main/java/com/siscontrol/mobile/presentation/admin/AdminManagementScreen.kt:344:94 Elvis operator (?:) always returns the left operand of non-nullable type Long
w: file:///C:/Users/dell/Documents/SIS_Control_Proyecto_v3/SIS-Control/app/src/main/java/com/siscontrol/mobile/presentation/admin/AdminManagementScreen.kt:432:55 Elvis operator (?:) always returns the left operand of non-nullable type String
w: file:///C:/Users/dell/Documents/SIS_Control_Proyecto_v3/SIS-Control/app/src/main/java/com/siscontrol/mobile/presentation/admin/AdminManagementScreen.kt:443:53 Elvis operator (?:) always returns the left operand of non-nullable type String
w: file:///C:/Users/dell/Documents/SIS_Control_Proyecto_v3/SIS-Control/app/src/main/java/com/siscontrol/mobile/presentation/admin/AdminManagementScreen.kt:493:51 Elvis operator (?:) always returns the left operand of non-nullable type String
w: file:///C:/Users/dell/Documents/SIS_Control_Proyecto_v3/SIS-Control/app/src/main/java/com/siscontrol/mobile/presentation/admin/AdminManagementScreen.kt:532:68 Elvis operator (?:) always returns the left operand of non-nullable type String
w: file:///C:/Users/dell/Documents/SIS_Control_Proyecto_v3/SIS-Control/app/src/main/java/com/siscontrol/mobile/presentation/admin/AdminManagementScreen.kt:533:87 Elvis operator (?:) always returns the left operand of non-nullable type String
w: file:///C:/Users/dell/Documents/SIS_Control_Proyecto_v3/SIS-Control/app/src/main/java/com/siscontrol/mobile/presentation/admin/AdminManagementViewModel.kt:116:33 Elvis operator (?:) always returns the left operand of non-nullable type String
w: file:///C:/Users/dell/Documents/SIS_Control_Proyecto_v3/SIS-Control/app/src/main/java/com/siscontrol/mobile/presentation/admin/AdminManagementViewModel.kt:117:42 Elvis operator (?:) always returns the left operand of non-nullable type String
w: file:///C:/Users/dell/Documents/SIS_Control_Proyecto_v3/SIS-Control/app/src/main/java/com/siscontrol/mobile/presentation/admin/AdminManagementViewModel.kt:118:36 Elvis operator (?:) always returns the left operand of non-nullable type String
w: file:///C:/Users/dell/Documents/SIS_Control_Proyecto_v3/SIS-Control/app/src/main/java/com/siscontrol/mobile/presentation/admin/AdminManagementViewModel.kt:119:42 Elvis operator (?:) always returns the left operand of non-nullable type String
w: file:///C:/Users/dell/Documents/SIS_Control_Proyecto_v3/SIS-Control/app/src/main/java/com/siscontrol/mobile/presentation/admin/AdminManagementViewModel.kt:125:44 Elvis operator (?:) always returns the left operand of non-nullable type Long
w: file:///C:/Users/dell/Documents/SIS_Control_Proyecto_v3/SIS-Control/app/src/main/java/com/siscontrol/mobile/presentation/admin/CreateSupervisorScreen.kt:59:43 'ArrowBack: ImageVector' is deprecated. Use the AutoMirrored version at Icons.AutoMirrored.Filled.ArrowBack
w: file:///C:/Users/dell/Documents/SIS_Control_Proyecto_v3/SIS-Control/app/src/main/java/com/siscontrol/mobile/presentation/admin/InstallationDetailScreen.kt:54:75 Elvis operator (?:) always returns the left operand of non-nullable type String
w: file:///C:/Users/dell/Documents/SIS_Control_Proyecto_v3/SIS-Control/app/src/main/java/com/siscontrol/mobile/presentation/admin/InstallationDetailScreen.kt:55:81 Elvis operator (?:) always returns the left operand of non-nullable type String
w: file:///C:/Users/dell/Documents/SIS_Control_Proyecto_v3/SIS-Control/app/src/main/java/com/siscontrol/mobile/presentation/admin/InstallationDetailScreen.kt:57:82 Unnecessary safe call on a non-null receiver of type Double
w: file:///C:/Users/dell/Documents/SIS_Control_Proyecto_v3/SIS-Control/app/src/main/java/com/siscontrol/mobile/presentation/admin/InstallationDetailScreen.kt:57:95 Elvis operator (?:) always returns the left operand of non-nullable type String
w: file:///C:/Users/dell/Documents/SIS_Control_Proyecto_v3/SIS-Control/app/src/main/java/com/siscontrol/mobile/presentation/admin/InstallationDetailScreen.kt:58:84 Unnecessary safe call on a non-null receiver of type Double
w: file:///C:/Users/dell/Documents/SIS_Control_Proyecto_v3/SIS-Control/app/src/main/java/com/siscontrol/mobile/presentation/admin/InstallationDetailScreen.kt:58:97 Elvis operator (?:) always returns the left operand of non-nullable type String
w: file:///C:/Users/dell/Documents/SIS_Control_Proyecto_v3/SIS-Control/app/src/main/java/com/siscontrol/mobile/presentation/admin/InstallationDetailScreen.kt:59:86 Unnecessary safe call on a non-null receiver of type Double
w: file:///C:/Users/dell/Documents/SIS_Control_Proyecto_v3/SIS-Control/app/src/main/java/com/siscontrol/mobile/presentation/admin/InstallationDetailScreen.kt:59:99 Elvis operator (?:) always returns the left operand of non-nullable type String
w: file:///C:/Users/dell/Documents/SIS_Control_Proyecto_v3/SIS-Control/app/src/main/java/com/siscontrol/mobile/presentation/admin/InstallationDetailScreen.kt:61:41 Elvis operator (?:) always returns the left operand of non-nullable type Int
w: file:///C:/Users/dell/Documents/SIS_Control_Proyecto_v3/SIS-Control/app/src/main/java/com/siscontrol/mobile/presentation/admin/InstallationDetailScreen.kt:209:91 Elvis operator (?:) always returns the left operand of non-nullable type Int
w: file:///C:/Users/dell/Documents/SIS_Control_Proyecto_v3/SIS-Control/app/src/main/java/com/siscontrol/mobile/presentation/admin/InstallationDetailScreen.kt:210:93 Elvis operator (?:) always returns the left operand of non-nullable type Int
w: file:///C:/Users/dell/Documents/SIS_Control_Proyecto_v3/SIS-Control/app/src/main/java/com/siscontrol/mobile/presentation/admin/InstallationDetailScreen.kt:229:124 Elvis operator (?:) always returns the left operand of non-nullable type String
w: file:///C:/Users/dell/Documents/SIS_Control_Proyecto_v3/SIS-Control/app/src/main/java/com/siscontrol/mobile/presentation/admin/InstallationDetailScreen.kt:277:91 Elvis operator (?:) always returns the left operand of non-nullable type Int
w: file:///C:/Users/dell/Documents/SIS_Control_Proyecto_v3/SIS-Control/app/src/main/java/com/siscontrol/mobile/presentation/admin/InstallationDetailScreen.kt:278:93 Elvis operator (?:) always returns the left operand of non-nullable type Int
w: file:///C:/Users/dell/Documents/SIS_Control_Proyecto_v3/SIS-Control/app/src/main/java/com/siscontrol/mobile/presentation/admin/InstallationDetailScreen.kt:293:54 Elvis operator (?:) always returns the left operand of non-nullable type Long
w: file:///C:/Users/dell/Documents/SIS_Control_Proyecto_v3/SIS-Control/app/src/main/java/com/siscontrol/mobile/presentation/admin/InstallationDetailScreen.kt:303:80 Elvis operator (?:) always returns the left operand of non-nullable type Long
w: file:///C:/Users/dell/Documents/SIS_Control_Proyecto_v3/SIS-Control/app/src/main/java/com/siscontrol/mobile/presentation/admin/InstallationDetailScreen.kt:394:71 Elvis operator (?:) always returns the left operand of non-nullable type String
w: file:///C:/Users/dell/Documents/SIS_Control_Proyecto_v3/SIS-Control/app/src/main/java/com/siscontrol/mobile/presentation/admin/InstallationDetailScreen.kt:396:77 Elvis operator (?:) always returns the left operand of non-nullable type String
w: file:///C:/Users/dell/Documents/SIS_Control_Proyecto_v3/SIS-Control/app/src/main/java/com/siscontrol/mobile/presentation/admin/InstallationDetailScreen.kt:425:39 Elvis operator (?:) always returns the left operand of non-nullable type Int
w: file:///C:/Users/dell/Documents/SIS_Control_Proyecto_v3/SIS-Control/app/src/main/java/com/siscontrol/mobile/presentation/admin/InstallationDetailScreen.kt:430:72 Elvis operator (?:) always returns the left operand of non-nullable type Int
w: file:///C:/Users/dell/Documents/SIS_Control_Proyecto_v3/SIS-Control/app/src/main/java/com/siscontrol/mobile/presentation/admin/InstallationDetailScreen.kt:434:67 Elvis operator (?:) always returns the left operand of non-nullable type Int
w: file:///C:/Users/dell/Documents/SIS_Control_Proyecto_v3/SIS-Control/app/src/main/java/com/siscontrol/mobile/presentation/admin/InstallationDetailScreen.kt:462:82 Elvis operator (?:) always returns the left operand of non-nullable type String
w: file:///C:/Users/dell/Documents/SIS_Control_Proyecto_v3/SIS-Control/app/src/main/java/com/siscontrol/mobile/presentation/admin/InstallationDetailScreen.kt:469:56 Elvis operator (?:) always returns the left operand of non-nullable type String
w: file:///C:/Users/dell/Documents/SIS_Control_Proyecto_v3/SIS-Control/app/src/main/java/com/siscontrol/mobile/presentation/admin/InstallationDetailScreen.kt:573:60 Unnecessary non-null assertion (!!) on a non-null receiver of type String
w: file:///C:/Users/dell/Documents/SIS_Control_Proyecto_v3/SIS-Control/app/src/main/java/com/siscontrol/mobile/presentation/admin/InstallationDetailScreen.kt:584:60 Unnecessary non-null assertion (!!) on a non-null receiver of type String
w: file:///C:/Users/dell/Documents/SIS_Control_Proyecto_v3/SIS-Control/app/src/main/java/com/siscontrol/mobile/presentation/admin/log/AdminIncidentLogScreen.kt:124:32 'Indicator(Modifier = ..., Dp = ..., Color = ...): Unit' is deprecated. Use SecondaryIndicator instead.
w: file:///C:/Users/dell/Documents/SIS_Control_Proyecto_v3/SIS-Control/app/src/main/java/com/siscontrol/mobile/presentation/guard/GuardCheckpointScreen.kt:31:5 Parameter 'expectedNfcCode' is never used
w: file:///C:/Users/dell/Documents/SIS_Control_Proyecto_v3/SIS-Control/app/src/main/java/com/siscontrol/mobile/presentation/guard/GuardHomeViewModel.kt:55:79 Elvis operator (?:) always returns the left operand of non-nullable type Long
w: file:///C:/Users/dell/Documents/SIS_Control_Proyecto_v3/SIS-Control/app/src/main/java/com/siscontrol/mobile/presentation/guard/GuardHomeViewModel.kt:55:115 Elvis operator (?:) always returns the left operand of non-nullable type String
w: file:///C:/Users/dell/Documents/SIS_Control_Proyecto_v3/SIS-Control/app/src/main/java/com/siscontrol/mobile/presentation/guard/GuardHomeViewModel.kt:57:82 Elvis operator (?:) always returns the left operand of non-nullable type Long
w: file:///C:/Users/dell/Documents/SIS_Control_Proyecto_v3/SIS-Control/app/src/main/java/com/siscontrol/mobile/presentation/guard/GuardHomeViewModel.kt:68:57 Elvis operator (?:) always returns the left operand of non-nullable type Long
w: file:///C:/Users/dell/Documents/SIS_Control_Proyecto_v3/SIS-Control/app/src/main/java/com/siscontrol/mobile/presentation/guard/GuardInstallationsViewModel.kt:43:64 Elvis operator (?:) always returns the left operand of non-nullable type Boolean
w: file:///C:/Users/dell/Documents/SIS_Control_Proyecto_v3/SIS-Control/app/src/main/java/com/siscontrol/mobile/presentation/guard/GuardInstallationsViewModel.kt:44:64 Elvis operator (?:) always returns the left operand of non-nullable type Boolean
w: file:///C:/Users/dell/Documents/SIS_Control_Proyecto_v3/SIS-Control/app/src/main/java/com/siscontrol/mobile/presentation/guard/GuardInstallationsViewModel.kt:55:55 Unnecessary safe call on a non-null receiver of type Long
w: file:///C:/Users/dell/Documents/SIS_Control_Proyecto_v3/SIS-Control/app/src/main/java/com/siscontrol/mobile/presentation/guard/GuardProfileScreen.kt:100:44 'Logout: ImageVector' is deprecated. Use the AutoMirrored version at Icons.AutoMirrored.Filled.Logout
w: file:///C:/Users/dell/Documents/SIS_Control_Proyecto_v3/SIS-Control/app/src/main/java/com/siscontrol/mobile/presentation/guard/GuardProfileScreen.kt:286:61 Elvis operator (?:) always returns the left operand of non-nullable type String
w: file:///C:/Users/dell/Documents/SIS_Control_Proyecto_v3/SIS-Control/app/src/main/java/com/siscontrol/mobile/presentation/guard/GuardProfileScreen.kt:287:61 Elvis operator (?:) always returns the left operand of non-nullable type String
w: file:///C:/Users/dell/Documents/SIS_Control_Proyecto_v3/SIS-Control/app/src/main/java/com/siscontrol/mobile/presentation/guard/GuardProfileScreen.kt:294:94 Parameter 'isSaving' is never used
w: file:///C:/Users/dell/Documents/SIS_Control_Proyecto_v3/SIS-Control/app/src/main/java/com/siscontrol/mobile/presentation/guard/GuardRoundViewModel.kt:52:46 Unnecessary safe call on a non-null receiver of type List<Checklog>
w: file:///C:/Users/dell/Documents/SIS_Control_Proyecto_v3/SIS-Control/app/src/main/java/com/siscontrol/mobile/presentation/guard/GuardRoundViewModel.kt:52:85 Elvis operator (?:) always returns the left operand of non-nullable type List<Checklog>
w: file:///C:/Users/dell/Documents/SIS_Control_Proyecto_v3/SIS-Control/app/src/main/java/com/siscontrol/mobile/presentation/guard/GuardRoundViewModel.kt:78:62 Elvis operator (?:) always returns the left operand of non-nullable type Long
w: file:///C:/Users/dell/Documents/SIS_Control_Proyecto_v3/SIS-Control/app/src/main/java/com/siscontrol/mobile/presentation/guard/GuardRoundViewModel.kt:81:95 Elvis operator (?:) always returns the left operand of non-nullable type Long
w: file:///C:/Users/dell/Documents/SIS_Control_Proyecto_v3/SIS-Control/app/src/main/java/com/siscontrol/mobile/presentation/guard/GuardRoundViewModel.kt:82:85 Elvis operator (?:) always returns the left operand of non-nullable type Long
w: file:///C:/Users/dell/Documents/SIS_Control_Proyecto_v3/SIS-Control/app/src/main/java/com/siscontrol/mobile/presentation/guard/GuardRoundViewModel.kt:130:62 Elvis operator (?:) always returns the left operand of non-nullable type Long
w: file:///C:/Users/dell/Documents/SIS_Control_Proyecto_v3/SIS-Control/app/src/main/java/com/siscontrol/mobile/presentation/guard/GuardRoundViewModel.kt:133:95 Elvis operator (?:) always returns the left operand of non-nullable type Long
w: file:///C:/Users/dell/Documents/SIS_Control_Proyecto_v3/SIS-Control/app/src/main/java/com/siscontrol/mobile/presentation/guard/GuardRoundViewModel.kt:134:85 Elvis operator (?:) always returns the left operand of non-nullable type Long
w: file:///C:/Users/dell/Documents/SIS_Control_Proyecto_v3/SIS-Control/app/src/main/java/com/siscontrol/mobile/presentation/guard/GuardStartRoundScreen.kt:174:83 Elvis operator (?:) always returns the left operand of non-nullable type Int
w: file:///C:/Users/dell/Documents/SIS_Control_Proyecto_v3/SIS-Control/app/src/main/java/com/siscontrol/mobile/presentation/guard/GuardStartRoundScreen.kt:177:50 Elvis operator (?:) always returns the left operand of non-nullable type Long
w: file:///C:/Users/dell/Documents/SIS_Control_Proyecto_v3/SIS-Control/app/src/main/java/com/siscontrol/mobile/presentation/guard/GuardStartRoundScreen.kt:178:73 Elvis operator (?:) always returns the left operand of non-nullable type String
w: file:///C:/Users/dell/Documents/SIS_Control_Proyecto_v3/SIS-Control/app/src/main/java/com/siscontrol/mobile/presentation/guard/GuardStartRoundScreen.kt:183:41 Condition 'inst.latitude != null' is always 'true'
w: file:///C:/Users/dell/Documents/SIS_Control_Proyecto_v3/SIS-Control/app/src/main/java/com/siscontrol/mobile/presentation/guard/GuardiaRondaActivaScreen.kt:302:101 Elvis operator (?:) always returns the left operand of non-nullable type String
w: file:///C:/Users/dell/Documents/SIS_Control_Proyecto_v3/SIS-Control/app/src/main/java/com/siscontrol/mobile/presentation/main/MainScreen.kt:24:5 Parameter 'onNavigateToInstallations' is never used
w: file:///C:/Users/dell/Documents/SIS_Control_Proyecto_v3/SIS-Control/app/src/main/java/com/siscontrol/mobile/presentation/main/MainScreen.kt:25:5 Parameter 'onNavigateToAddCheckpoint' is never used
w: file:///C:/Users/dell/Documents/SIS_Control_Proyecto_v3/SIS-Control/app/src/main/java/com/siscontrol/mobile/presentation/main/MainScreen.kt:107:49 'ExitToApp: ImageVector' is deprecated. Use the AutoMirrored version at Icons.AutoMirrored.Filled.ExitToApp
w: file:///C:/Users/dell/Documents/SIS_Control_Proyecto_v3/SIS-Control/app/src/main/java/com/siscontrol/mobile/presentation/management/AddCheckpointScreen.kt:148:53 Elvis operator (?:) always returns the left operand of non-nullable type String
w: file:///C:/Users/dell/Documents/SIS_Control_Proyecto_v3/SIS-Control/app/src/main/java/com/siscontrol/mobile/presentation/management/CreatePersonnelScreen.kt:73:77 Unnecessary safe call on a non-null receiver of type String
w: file:///C:/Users/dell/Documents/SIS_Control_Proyecto_v3/SIS-Control/app/src/main/java/com/siscontrol/mobile/presentation/management/PersonnelListScreen.kt:81:5 Parameter 'userRole' is never used
w: file:///C:/Users/dell/Documents/SIS_Control_Proyecto_v3/SIS-Control/app/src/main/java/com/siscontrol/mobile/presentation/management/PersonnelListScreen.kt:104:44 'ArrowBack: ImageVector' is deprecated. Use the AutoMirrored version at Icons.AutoMirrored.Filled.ArrowBack
w: file:///C:/Users/dell/Documents/SIS_Control_Proyecto_v3/SIS-Control/app/src/main/java/com/siscontrol/mobile/presentation/management/PersonnelListScreen.kt:144:61 Elvis operator (?:) always returns the left operand of non-nullable type String
w: file:///C:/Users/dell/Documents/SIS_Control_Proyecto_v3/SIS-Control/app/src/main/java/com/siscontrol/mobile/presentation/management/PersonnelListScreen.kt:150:66 Elvis operator (?:) always returns the left operand of non-nullable type String
w: file:///C:/Users/dell/Documents/SIS_Control_Proyecto_v3/SIS-Control/app/src/main/java/com/siscontrol/mobile/presentation/management/PersonnelListScreen.kt:155:70 Elvis operator (?:) always returns the left operand of non-nullable type String
w: file:///C:/Users/dell/Documents/SIS_Control_Proyecto_v3/SIS-Control/app/src/main/java/com/siscontrol/mobile/presentation/management/PersonnelListScreen.kt:162:63 Elvis operator (?:) always returns the left operand of non-nullable type String
w: file:///C:/Users/dell/Documents/SIS_Control_Proyecto_v3/SIS-Control/app/src/main/java/com/siscontrol/mobile/presentation/profile/ProfileViewModel.kt:70:17 Variable 'remoteUrl' is assigned but never accessed
w: file:///C:/Users/dell/Documents/SIS_Control_Proyecto_v3/SIS-Control/app/src/main/java/com/siscontrol/mobile/presentation/profile/ProfileViewModel.kt:89:46 Elvis operator (?:) always returns the left operand of non-nullable type Long
w: file:///C:/Users/dell/Documents/SIS_Control_Proyecto_v3/SIS-Control/app/src/main/java/com/siscontrol/mobile/presentation/profile/ProfileViewModel.kt:94:49 Elvis operator (?:) always returns the left operand of non-nullable type String
w: file:///C:/Users/dell/Documents/SIS_Control_Proyecto_v3/SIS-Control/app/src/main/java/com/siscontrol/mobile/presentation/profile/ProfileViewModel.kt:95:49 Elvis operator (?:) always returns the left operand of non-nullable type Long
w: file:///C:/Users/dell/Documents/SIS_Control_Proyecto_v3/SIS-Control/app/src/main/java/com/siscontrol/mobile/presentation/profile/ProfileViewModel.kt:96:57 Elvis operator (?:) always returns the left operand of non-nullable type String
w: file:///C:/Users/dell/Documents/SIS_Control_Proyecto_v3/SIS-Control/app/src/main/java/com/siscontrol/mobile/presentation/profile/ProfileViewModel.kt:101:49 Elvis operator (?:) always returns the left operand of non-nullable type Long
w: file:///C:/Users/dell/Documents/SIS_Control_Proyecto_v3/SIS-Control/app/src/main/java/com/siscontrol/mobile/presentation/profile/ProfileViewModel.kt:102:61 Elvis operator (?:) always returns the left operand of non-nullable type String
w: file:///C:/Users/dell/Documents/SIS_Control_Proyecto_v3/SIS-Control/app/src/main/java/com/siscontrol/mobile/presentation/profile/ProfileViewModel.kt:103:61 Elvis operator (?:) always returns the left operand of non-nullable type String
w: file:///C:/Users/dell/Documents/SIS_Control_Proyecto_v3/SIS-Control/app/src/main/java/com/siscontrol/mobile/presentation/profile/ProfileViewModel.kt:104:53 Elvis operator (?:) always returns the left operand of non-nullable type String
w: file:///C:/Users/dell/Documents/SIS_Control_Proyecto_v3/SIS-Control/app/src/main/java/com/siscontrol/mobile/presentation/profile/ProfileViewModel.kt:129:45 Elvis operator (?:) always returns the left operand of non-nullable type Long
w: file:///C:/Users/dell/Documents/SIS_Control_Proyecto_v3/SIS-Control/app/src/main/java/com/siscontrol/mobile/presentation/profile/ProfileViewModel.kt:134:30 Parameter 'e' is never used, could be renamed to _
w: file:///C:/Users/dell/Documents/SIS_Control_Proyecto_v3/SIS-Control/app/src/main/java/com/siscontrol/mobile/presentation/splash/SplashScreen.kt:73:13 Variable 'role' is never used
w: file:///C:/Users/dell/Documents/SIS_Control_Proyecto_v3/SIS-Control/app/src/main/java/com/siscontrol/mobile/presentation/supervisor/SupervisorGuardsScreen.kt:85:34 Elvis operator (?:) always returns the left operand of non-nullable type String
w: file:///C:/Users/dell/Documents/SIS_Control_Proyecto_v3/SIS-Control/app/src/main/java/com/siscontrol/mobile/presentation/supervisor/SupervisorGuardsScreen.kt:86:27 Unnecessary safe call on a non-null receiver of type String
w: file:///C:/Users/dell/Documents/SIS_Control_Proyecto_v3/SIS-Control/app/src/main/java/com/siscontrol/mobile/presentation/supervisor/SupervisorGuardsScreen.kt:103:47 Elvis operator (?:) always returns the left operand of non-nullable type Long
w: file:///C:/Users/dell/Documents/SIS_Control_Proyecto_v3/SIS-Control/app/src/main/java/com/siscontrol/mobile/presentation/theme/Theme.kt:29:5 Parameter 'darkTheme' is never used

> Task :app:processDebugJavaRes
> Task :app:compileDebugJavaWithJavac
> Task :app:mergeDebugJavaResource
> Task :app:dexBuilderDebug
> Task :app:mergeDebugGlobalSynthetics
> Task :app:mergeProjectDexDebug
> Task :app:packageDebug
> Task :app:assembleDebug
> Task :app:createDebugApkListingFileRedirect

BUILD SUCCESSFUL in 1m 3s
37 actionable tasks: 11 executed, 26 up-to-date
Configuration cache entry stored.
